[2025-09-03 03:02:34 WRN] No store type was specified for the decimal property 'Price' on entity type 'Product'. This will cause values to be silently truncated if they do not fit in the default precision and scale. Explicitly specify the SQL server column type that can accommodate all the values in 'OnModelCreating' using 'HasColumnType', specify precision and scale using 'HasPrecision', or configure a value converter using 'HasConversion'. 
[2025-09-03 03:02:35 INF] Executed DbCommand (19ms) [Parameters=[], CommandType='"Text"', CommandTimeout='30']
SELECT 1 
[2025-09-03 03:02:35 INF] Executed DbCommand (13ms) [Parameters=[], CommandType='"Text"', CommandTimeout='30']
SELECT OBJECT_ID(N'[__EFMigrationsHistory]'); 
[2025-09-03 03:02:35 INF] Executed DbCommand (26ms) [Parameters=[], CommandType='"Text"', CommandTimeout='30']
SELECT [MigrationId], [ProductVersion]
FROM [__EFMigrationsHistory]
ORDER BY [MigrationId]; 
[2025-09-03 03:02:35 INF] Executed DbCommand (14ms) [Parameters=[], CommandType='"Text"', CommandTimeout='30']
SELECT 1 
[2025-09-03 03:02:35 INF] Executed DbCommand (9ms) [Parameters=[], CommandType='"Text"', CommandTimeout='30']
SELECT CASE
    WHEN EXISTS (
        SELECT 1
        FROM [AspNetRoles] AS [a]) THEN CAST(1 AS bit)
    ELSE CAST(0 AS bit)
END 
[2025-09-03 03:02:38 INF] HTTP GET /swagger responded 301 in 4.8424 ms 
[2025-09-03 03:02:38 INF] HTTP GET /swagger/index.html responded 200 in 97.2517 ms 
[2025-09-03 03:02:38 INF] HTTP GET /swagger/swagger-ui-standalone-preset.js responded 200 in 44.0120 ms 
[2025-09-03 03:02:38 INF] HTTP GET /swagger/swagger-ui.css responded 200 in 44.0866 ms 
[2025-09-03 03:02:38 INF] HTTP GET /swagger/swagger-ui-bundle.js responded 200 in 100.2962 ms 
[2025-09-03 03:02:38 INF] HTTP GET /swagger/v1/swagger.json responded 200 in 33.0847 ms 
[2025-09-03 03:02:38 INF] HTTP GET /swagger/favicon-32x32.png responded 200 in 0.3369 ms 
[2025-09-03 03:20:59 WRN] No store type was specified for the decimal property 'Price' on entity type 'Product'. This will cause values to be silently truncated if they do not fit in the default precision and scale. Explicitly specify the SQL server column type that can accommodate all the values in 'OnModelCreating' using 'HasColumnType', specify precision and scale using 'HasPrecision', or configure a value converter using 'HasConversion'. 
[2025-09-03 03:20:59 INF] Executed DbCommand (15ms) [Parameters=[], CommandType='"Text"', CommandTimeout='30']
SELECT 1 
[2025-09-03 03:20:59 INF] Executed DbCommand (10ms) [Parameters=[], CommandType='"Text"', CommandTimeout='30']
SELECT OBJECT_ID(N'[__EFMigrationsHistory]'); 
[2025-09-03 03:20:59 INF] Executed DbCommand (2ms) [Parameters=[], CommandType='"Text"', CommandTimeout='30']
SELECT [MigrationId], [ProductVersion]
FROM [__EFMigrationsHistory]
ORDER BY [MigrationId]; 
[2025-09-03 03:20:59 INF] Executed DbCommand (12ms) [Parameters=[], CommandType='"Text"', CommandTimeout='30']
SELECT 1 
[2025-09-03 03:20:59 INF] Executed DbCommand (2ms) [Parameters=[], CommandType='"Text"', CommandTimeout='30']
SELECT CASE
    WHEN EXISTS (
        SELECT 1
        FROM [AspNetRoles] AS [a]) THEN CAST(1 AS bit)
    ELSE CAST(0 AS bit)
END 
[2025-09-03 03:21:01 INF] HTTP GET /swagger/index.html responded 200 in 115.4346 ms 
[2025-09-03 03:21:01 INF] HTTP GET /swagger/v1/swagger.json responded 200 in 76.8189 ms 
